---
source: crates/darius-tui/src/render.rs
expression: buffer_to_string(&buffer)
---

──────────────────────────────────────────────────────────────────────────────
❯ hello world
──────────────────────────────────────────────────────────────────────────────
⏵⏵ Auto mode on (shift+tab to cycle) · ? for shortcuts
