---
source: crates/darius-tui/src/render.rs
expression: buffer_to_string(&buffer)
---
◉ xhigh · /effort
──────────────────────────────────────────────────────────────────────────────
❯ hello world
──────────────────────────────────────────────────────────────────────────────
⏵⏵ auto mode on (shift+tab to cycle) · ? for shortcuts
